Archive member included to satisfy reference by file (symbol)

/usr/local/gcc-arm-none-eabi-5_4-2016q2/bin/../lib/gcc/arm-none-eabi/5.4.1/../../../../arm-none-eabi/lib/armv7e-m/libg_nano.a(lib_a-errno.o)
                              ./system/src/newlib/_sbrk.o (__errno)
/usr/local/gcc-arm-none-eabi-5_4-2016q2/bin/../lib/gcc/arm-none-eabi/5.4.1/../../../../arm-none-eabi/lib/armv7e-m/libg_nano.a(lib_a-impure.o)
                              /usr/local/gcc-arm-none-eabi-5_4-2016q2/bin/../lib/gcc/arm-none-eabi/5.4.1/../../../../arm-none-eabi/lib/armv7e-m/libg_nano.a(lib_a-errno.o) (_impure_ptr)
/usr/local/gcc-arm-none-eabi-5_4-2016q2/bin/../lib/gcc/arm-none-eabi/5.4.1/../../../../arm-none-eabi/lib/armv7e-m/libg_nano.a(lib_a-strlen.o)
                              ./system/src/diag/Trace.o (strlen)
/usr/local/gcc-arm-none-eabi-5_4-2016q2/bin/../lib/gcc/arm-none-eabi/5.4.1/../../../../arm-none-eabi/lib/armv7e-m/libg_nano.a(lib_a-vsnprintf.o)
                              ./system/src/diag/Trace.o (vsnprintf)
/usr/local/gcc-arm-none-eabi-5_4-2016q2/bin/../lib/gcc/arm-none-eabi/5.4.1/../../../../arm-none-eabi/lib/armv7e-m/libg_nano.a(lib_a-nano-svfprintf.o)
                              /usr/local/gcc-arm-none-eabi-5_4-2016q2/bin/../lib/gcc/arm-none-eabi/5.4.1/../../../../arm-none-eabi/lib/armv7e-m/libg_nano.a(lib_a-vsnprintf.o) (_svfprintf_r)
/usr/local/gcc-arm-none-eabi-5_4-2016q2/bin/../lib/gcc/arm-none-eabi/5.4.1/../../../../arm-none-eabi/lib/armv7e-m/libg_nano.a(lib_a-nano-vfprintf_i.o)
                              /usr/local/gcc-arm-none-eabi-5_4-2016q2/bin/../lib/gcc/arm-none-eabi/5.4.1/../../../../arm-none-eabi/lib/armv7e-m/libg_nano.a(lib_a-nano-svfprintf.o) (_printf_i)
/usr/local/gcc-arm-none-eabi-5_4-2016q2/bin/../lib/gcc/arm-none-eabi/5.4.1/../../../../arm-none-eabi/lib/armv7e-m/libg_nano.a(lib_a-memchr.o)
                              /usr/local/gcc-arm-none-eabi-5_4-2016q2/bin/../lib/gcc/arm-none-eabi/5.4.1/../../../../arm-none-eabi/lib/armv7e-m/libg_nano.a(lib_a-nano-svfprintf.o) (memchr)
/usr/local/gcc-arm-none-eabi-5_4-2016q2/bin/../lib/gcc/arm-none-eabi/5.4.1/../../../../arm-none-eabi/lib/armv7e-m/libg_nano.a(lib_a-memcpy-stub.o)
                              /usr/local/gcc-arm-none-eabi-5_4-2016q2/bin/../lib/gcc/arm-none-eabi/5.4.1/../../../../arm-none-eabi/lib/armv7e-m/libg_nano.a(lib_a-nano-svfprintf.o) (memcpy)
/usr/local/gcc-arm-none-eabi-5_4-2016q2/bin/../lib/gcc/arm-none-eabi/5.4.1/../../../../arm-none-eabi/lib/armv7e-m/libg_nano.a(lib_a-memmove.o)
                              /usr/local/gcc-arm-none-eabi-5_4-2016q2/bin/../lib/gcc/arm-none-eabi/5.4.1/../../../../arm-none-eabi/lib/armv7e-m/libg_nano.a(lib_a-nano-svfprintf.o) (memmove)
/usr/local/gcc-arm-none-eabi-5_4-2016q2/bin/../lib/gcc/arm-none-eabi/5.4.1/../../../../arm-none-eabi/lib/armv7e-m/libg_nano.a(lib_a-nano-freer.o)
                              /usr/local/gcc-arm-none-eabi-5_4-2016q2/bin/../lib/gcc/arm-none-eabi/5.4.1/../../../../arm-none-eabi/lib/armv7e-m/libg_nano.a(lib_a-nano-svfprintf.o) (_free_r)
/usr/local/gcc-arm-none-eabi-5_4-2016q2/bin/../lib/gcc/arm-none-eabi/5.4.1/../../../../arm-none-eabi/lib/armv7e-m/libg_nano.a(lib_a-nano-mallocr.o)
                              /usr/local/gcc-arm-none-eabi-5_4-2016q2/bin/../lib/gcc/arm-none-eabi/5.4.1/../../../../arm-none-eabi/lib/armv7e-m/libg_nano.a(lib_a-nano-svfprintf.o) (_malloc_r)
/usr/local/gcc-arm-none-eabi-5_4-2016q2/bin/../lib/gcc/arm-none-eabi/5.4.1/../../../../arm-none-eabi/lib/armv7e-m/libg_nano.a(lib_a-nano-reallocr.o)
                              /usr/local/gcc-arm-none-eabi-5_4-2016q2/bin/../lib/gcc/arm-none-eabi/5.4.1/../../../../arm-none-eabi/lib/armv7e-m/libg_nano.a(lib_a-nano-svfprintf.o) (_realloc_r)
/usr/local/gcc-arm-none-eabi-5_4-2016q2/bin/../lib/gcc/arm-none-eabi/5.4.1/../../../../arm-none-eabi/lib/armv7e-m/libg_nano.a(lib_a-sbrkr.o)
                              /usr/local/gcc-arm-none-eabi-5_4-2016q2/bin/../lib/gcc/arm-none-eabi/5.4.1/../../../../arm-none-eabi/lib/armv7e-m/libg_nano.a(lib_a-nano-mallocr.o) (_sbrk_r)
/usr/local/gcc-arm-none-eabi-5_4-2016q2/bin/../lib/gcc/arm-none-eabi/5.4.1/../../../../arm-none-eabi/lib/armv7e-m/libg_nano.a(lib_a-mlock.o)
                              /usr/local/gcc-arm-none-eabi-5_4-2016q2/bin/../lib/gcc/arm-none-eabi/5.4.1/../../../../arm-none-eabi/lib/armv7e-m/libg_nano.a(lib_a-nano-freer.o) (__malloc_lock)
/usr/local/gcc-arm-none-eabi-5_4-2016q2/bin/../lib/gcc/arm-none-eabi/5.4.1/../../../../arm-none-eabi/lib/armv7e-m/libg_nano.a(lib_a-nano-msizer.o)
                              /usr/local/gcc-arm-none-eabi-5_4-2016q2/bin/../lib/gcc/arm-none-eabi/5.4.1/../../../../arm-none-eabi/lib/armv7e-m/libg_nano.a(lib_a-nano-reallocr.o) (_malloc_usable_size_r)

Allocating common symbols
Common symbol       size              file

timer_delayCount    0x4               ./src/Timer.o
errno               0x4               ./system/src/newlib/_syscalls.o
[...]
Memory Configuration

Name             Origin             Length             Attributes
RAM              0x0000000020000000 0x0000000000050000 xrw
CCMRAM           0x0000000010000000 0x0000000000000000 xrw
FLASH            0x0000000008000000 0x0000000000100000 xr
FLASHB1          0x0000000000000000 0x0000000000000000 xr
EXTMEMB0         0x0000000000000000 0x0000000000000000 xr
EXTMEMB1         0x0000000000000000 0x0000000000000000 xr
EXTMEMB2         0x0000000000000000 0x0000000000000000 xr
EXTMEMB3         0x0000000000000000 0x0000000000000000 xr
*default*        0x0000000000000000 0xffffffffffffffff

Linker script and memory map

LOAD ./system/src/stm32f7-hal/stm32f7xx_hal.o
LOAD ./system/src/stm32f7-hal/stm32f7xx_hal_cortex.o
LOAD ./system/src/stm32f7-hal/stm32f7xx_hal_crc_ex.o
LOAD ./system/src/stm32f7-hal/stm32f7xx_hal_flash.o
LOAD ./system/src/stm32f7-hal/stm32f7xx_hal_gpio.o
LOAD ./system/src/stm32f7-hal/stm32f7xx_hal_iwdg.o
LOAD ./system/src/stm32f7-hal/stm32f7xx_hal_pwr.o
LOAD ./system/src/stm32f7-hal/stm32f7xx_hal_pwr_ex.o
LOAD ./system/src/stm32f7-hal/stm32f7xx_hal_rcc.o
LOAD ./system/src/stm32f7-hal/stm32f7xx_hal_rcc_ex.o
LOAD ./system/src/stm32f7-hal/stm32f7xx_hal_smartcard_ex.o
LOAD ./system/src/newlib/_cxx.o
LOAD ./system/src/newlib/_exit.o
LOAD ./system/src/newlib/_sbrk.o
LOAD ./system/src/newlib/_startup.o
LOAD ./system/src/newlib/_syscalls.o
LOAD ./system/src/newlib/assert.o
LOAD ./system/src/diag/Trace.o
LOAD ./system/src/diag/trace_impl.o
LOAD ./system/src/cortexm/_initialize_hardware.o
LOAD ./system/src/cortexm/_reset_hardware.o
LOAD ./system/src/cortexm/exception_handlers.o
LOAD ./system/src/cmsis/system_stm32f7xx.o
LOAD ./system/src/cmsis/vectors_stm32f746xx.o
LOAD ./src/BlinkLed.o
LOAD ./src/Timer.o
LOAD ./src/_initialize_hardware.o
LOAD ./src/_write.o
LOAD ./src/main.o
LOAD ./src/stm32f7xx_hal_msp.o
LOAD /usr/local/gcc-arm-none-eabi-5_4-2016q2/bin/../lib/gcc/arm-none-eabi/5.4.1/../../../../arm-none-eabi/lib/armv7e-m/libstdc++_nano.a
LOAD /usr/local/gcc-arm-none-eabi-5_4-2016q2/bin/../lib/gcc/arm-none-eabi/5.4.1/../../../../arm-none-eabi/lib/armv7e-m/libm.a
START GROUP
LOAD /usr/local/gcc-arm-none-eabi-5_4-2016q2/bin/../lib/gcc/arm-none-eabi/5.4.1/armv7e-m/libgcc.a
LOAD /usr/local/gcc-arm-none-eabi-5_4-2016q2/bin/../lib/gcc/arm-none-eabi/5.4.1/../../../../arm-none-eabi/lib/armv7e-m/libg_nano.a
LOAD /usr/local/gcc-arm-none-eabi-5_4-2016q2/bin/../lib/gcc/arm-none-eabi/5.4.1/../../../../arm-none-eabi/lib/armv7e-m/libc_nano.a
END GROUP
START GROUP
LOAD /usr/local/gcc-arm-none-eabi-5_4-2016q2/bin/../lib/gcc/arm-none-eabi/5.4.1/armv7e-m/libgcc.a
LOAD /usr/local/gcc-arm-none-eabi-5_4-2016q2/bin/../lib/gcc/arm-none-eabi/5.4.1/../../../../arm-none-eabi/lib/armv7e-m/libc_nano.a
END GROUP
                0x0000000020050000                __stack = (ORIGIN (RAM) + LENGTH (RAM))
                0x0000000020050000                _estack = __stack
                0x0000000000000400                __Main_Stack_Size = 0x400
                [!provide]                        PROVIDE (_Main_Stack_Size, __Main_Stack_Size)
                0x000000002004fc00                __Main_Stack_Limit = (__stack - __Main_Stack_Size)
                [!provide]                        PROVIDE (_Main_Stack_Limit, __Main_Stack_Limit)
                0x0000000000000100                _Minimum_Stack_Size = 0x100
                0x000000002000011c                PROVIDE (_Heap_Begin, _end_noinit)
                0x000000002004fc00                PROVIDE (_Heap_Limit, (__stack - __Main_Stack_Size))

.isr_vector     0x0000000008000000      0x400
 FILL mask 0xff
                0x0000000008000000                __vectors_start = ABSOLUTE (.)
                0x0000000008000000                __vectors_start__ = ABSOLUTE (.)
 *(.isr_vector)
 .isr_vector    0x0000000008000000      0x1c8 ./system/src/cmsis/vectors_stm32f746xx.o
                0x0000000008000000                __isr_vectors
 *(.cfmconfig)
 *(.after_vectors .after_vectors.*)
 .after_vectors
                0x00000000080001c8      0x130 ./system/src/newlib/_startup.o
                0x00000000080001c8                _start
 .after_vectors
                0x00000000080002f8      0x104 ./system/src/cortexm/exception_handlers.o
                0x00000000080002f8                Reset_Handler
                0x0000000008000300                NMI_Handler
                0x0000000008000304                HardFault_Handler
                0x0000000008000318                HardFault_Handler_C
                0x000000000800034c                MemManage_Handler
                0x0000000008000350                BusFault_Handler
                0x0000000008000364                BusFault_Handler_C
                0x0000000008000398                UsageFault_Handler
                0x00000000080003ac                UsageFault_Handler_C
                0x00000000080003e0                SVC_Handler
                0x00000000080003e4                DebugMon_Handler
                0x00000000080003e8                PendSV_Handler
 .after_vectors
                0x00000000080003fc        0x4 ./system/src/cmsis/vectors_stm32f746xx.o
                0x00000000080003fc                DMA1_Stream3_IRQHandler
                0x00000000080003fc                EXTI2_IRQHandler
                0x00000000080003fc                TIM8_CC_IRQHandler
                0x00000000080003fc                UART8_IRQHandler
                0x00000000080003fc                SPI4_IRQHandler
                0x00000000080003fc                TIM1_CC_IRQHandler
                0x00000000080003fc                DMA2_Stream5_IRQHandler
                0x00000000080003fc                DMA1_Stream5_IRQHandler
                0x00000000080003fc                PVD_IRQHandler
                0x00000000080003fc                TAMP_STAMP_IRQHandler
                0x00000000080003fc                CAN2_RX1_IRQHandler
                0x00000000080003fc                EXTI3_IRQHandler
                0x00000000080003fc                TIM8_TRG_COM_TIM14_IRQHandler
                0x00000000080003fc                TIM1_UP_TIM10_IRQHandler
                0x00000000080003fc                TIM8_UP_TIM13_IRQHandler
                0x00000000080003fc                I2C3_ER_IRQHandler
                0x00000000080003fc                EXTI0_IRQHandler
                0x00000000080003fc                I2C2_EV_IRQHandler
                0x00000000080003fc                DMA1_Stream2_IRQHandler
                0x00000000080003fc                CAN1_RX0_IRQHandler
                0x00000000080003fc                FPU_IRQHandler
                0x00000000080003fc                OTG_HS_WKUP_IRQHandler
                0x00000000080003fc                LTDC_ER_IRQHandler
                0x00000000080003fc                CAN2_SCE_IRQHandler
                0x00000000080003fc                DMA2_Stream2_IRQHandler
                0x00000000080003fc                SPI1_IRQHandler
                0x00000000080003fc                TIM6_DAC_IRQHandler
                0x00000000080003fc                TIM1_BRK_TIM9_IRQHandler
                0x00000000080003fc                DCMI_IRQHandler
                0x00000000080003fc                CAN2_RX0_IRQHandler
                0x00000000080003fc                DMA2_Stream3_IRQHandler
                0x00000000080003fc                SAI2_IRQHandler
                0x00000000080003fc                USART6_IRQHandler
                0x00000000080003fc                USART3_IRQHandler
                0x00000000080003fc                CAN1_RX1_IRQHandler
                0x00000000080003fc                UART5_IRQHandler
                0x00000000080003fc                DMA2_Stream0_IRQHandler
                0x00000000080003fc                TIM4_IRQHandler
                0x00000000080003fc                QUADSPI_IRQHandler
                0x00000000080003fc                I2C1_EV_IRQHandler
                0x00000000080003fc                DMA1_Stream6_IRQHandler
                0x00000000080003fc                DMA1_Stream1_IRQHandler
                0x00000000080003fc                UART4_IRQHandler
                0x00000000080003fc                TIM3_IRQHandler
                0x00000000080003fc                RCC_IRQHandler
                0x00000000080003fc                TIM8_BRK_TIM12_IRQHandler
                0x00000000080003fc                Default_Handler
                0x00000000080003fc                CEC_IRQHandler
                0x00000000080003fc                EXTI15_10_IRQHandler
                0x00000000080003fc                ADC_IRQHandler
                0x00000000080003fc                DMA1_Stream7_IRQHandler
                0x00000000080003fc                SPI5_IRQHandler
                0x00000000080003fc                TIM7_IRQHandler
                0x00000000080003fc                SDMMC1_IRQHandler
                0x00000000080003fc                CAN2_TX_IRQHandler
                0x00000000080003fc                TIM5_IRQHandler
                0x00000000080003fc                DMA2_Stream7_IRQHandler
                0x00000000080003fc                I2C3_EV_IRQHandler
                0x00000000080003fc                EXTI9_5_IRQHandler
                0x00000000080003fc                RTC_WKUP_IRQHandler
                0x00000000080003fc                LTDC_IRQHandler
                0x00000000080003fc                ETH_WKUP_IRQHandler
                0x00000000080003fc                SPDIF_RX_IRQHandler
                0x00000000080003fc                SPI2_IRQHandler
                0x00000000080003fc                OTG_HS_EP1_IN_IRQHandler
                0x00000000080003fc                DMA1_Stream0_IRQHandler
                0x00000000080003fc                CAN1_TX_IRQHandler
                0x00000000080003fc                EXTI4_IRQHandler
                0x00000000080003fc                RNG_IRQHandler
                0x00000000080003fc                ETH_IRQHandler
                0x00000000080003fc                OTG_HS_EP1_OUT_IRQHandler
                0x00000000080003fc                WWDG_IRQHandler
                0x00000000080003fc                SPI6_IRQHandler
                0x00000000080003fc                I2C4_EV_IRQHandler
                0x00000000080003fc                TIM2_IRQHandler
                0x00000000080003fc                OTG_FS_WKUP_IRQHandler
                0x00000000080003fc                TIM1_TRG_COM_TIM11_IRQHandler
                0x00000000080003fc                OTG_HS_IRQHandler
                0x00000000080003fc                DMA2D_IRQHandler
                0x00000000080003fc                EXTI1_IRQHandler
                0x00000000080003fc                UART7_IRQHandler
                0x00000000080003fc                USART2_IRQHandler
                0x00000000080003fc                I2C2_ER_IRQHandler
                0x00000000080003fc                DMA2_Stream1_IRQHandler
                0x00000000080003fc                CAN1_SCE_IRQHandler
                0x00000000080003fc                FLASH_IRQHandler
                0x00000000080003fc                DMA2_Stream4_IRQHandler
                0x00000000080003fc                USART1_IRQHandler
                0x00000000080003fc                OTG_FS_IRQHandler
                0x00000000080003fc                SPI3_IRQHandler
                0x00000000080003fc                DMA1_Stream4_IRQHandler
                0x00000000080003fc                I2C1_ER_IRQHandler
                0x00000000080003fc                FMC_IRQHandler
                0x00000000080003fc                LPTIM1_IRQHandler
                0x00000000080003fc                I2C4_ER_IRQHandler
                0x00000000080003fc                DMA2_Stream6_IRQHandler
                0x00000000080003fc                SAI1_IRQHandler
                0x00000000080003fc                RTC_Alarm_IRQHandler

.inits          0x0000000008000400       0x28
                0x0000000008000400                __data_regions_array_start = .
                0x0000000008000400        0x4 LONG 0x80024a0 LOADADDR (.data)
                0x0000000008000404        0x4 LONG 0x20000000 ADDR (.data)
                0x0000000008000408        0x4 LONG 0x20000078 (ADDR (.data) + SIZEOF (.data))
                0x000000000800040c        0x4 LONG 0x80024a0 LOADADDR (.data_CCMRAM)
                0x0000000008000410        0x4 LONG 0x10000000 ADDR (.data_CCMRAM)
                0x0000000008000414        0x4 LONG 0x10000000 (ADDR (.data_CCMRAM) + SIZEOF (.data_CCMRAM))
                0x0000000008000418                __data_regions_array_end = .
                0x0000000008000418                __bss_regions_array_start = .
                0x0000000008000418        0x4 LONG 0x20000078 ADDR (.bss)
                0x000000000800041c        0x4 LONG 0x2000011c (ADDR (.bss) + SIZEOF (.bss))
                0x0000000008000420        0x4 LONG 0x10000000 ADDR (.bss_CCMRAM)
                0x0000000008000424        0x4 LONG 0x10000000 (ADDR (.bss_CCMRAM) + SIZEOF (.bss_CCMRAM))
                0x0000000008000428                __bss_regions_array_end = .
 *(.init)
 *(.fini)
                0x0000000008000428                . = ALIGN (0x4)
                0x0000000008000428                PROVIDE (__preinit_array_start, .)
 *(.preinit_array_sysinit .preinit_array_sysinit.*)
 *(.preinit_array_platform .preinit_array_platform.*)
 *(.preinit_array .preinit_array.*)
                0x0000000008000428                PROVIDE (__preinit_array_end, .)
                0x0000000008000428                . = ALIGN (0x4)
                0x0000000008000428                PROVIDE (__init_array_start, .)
 *(SORT(.init_array.*))
 *(.init_array)
                0x0000000008000428                PROVIDE (__init_array_end, .)
                0x0000000008000428                . = ALIGN (0x4)
                0x0000000008000428                PROVIDE (__fini_array_start, .)
 *(SORT(.fini_array.*))
 *(.fini_array)
                0x0000000008000428                PROVIDE (__fini_array_end, .)

.flashtext
 *(.flashtext .flashtext.*)

.text           0x0000000008000430     0x206d
 *(.text .text.*)
 .text.HAL_InitTick
                0x0000000008000430       0x28 ./system/src/stm32f7-hal/stm32f7xx_hal.o
                0x0000000008000430                HAL_InitTick
 .text.HAL_Init
                0x0000000008000458       0x24 ./system/src/stm32f7-hal/stm32f7xx_hal.o
                0x0000000008000458                HAL_Init
 .text.HAL_IncTick
                0x000000000800047c       0x10 ./system/src/stm32f7-hal/stm32f7xx_hal.o
                0x000000000800047c                HAL_IncTick
 .text.HAL_GetTick
                0x000000000800048c        0xc ./system/src/stm32f7-hal/stm32f7xx_hal.o
                0x000000000800048c                HAL_GetTick
 .text.HAL_NVIC_SetPriorityGrouping
                0x0000000008000498       0x3c ./system/src/stm32f7-hal/stm32f7xx_hal_cortex.o
                0x0000000008000498                HAL_NVIC_SetPriorityGrouping
 .text.HAL_NVIC_SetPriority
                0x00000000080004d4       0x80 ./system/src/stm32f7-hal/stm32f7xx_hal_cortex.o
                0x00000000080004d4                HAL_NVIC_SetPriority
 .text.HAL_SYSTICK_Config
                0x0000000008000554       0x2c ./system/src/stm32f7-hal/stm32f7xx_hal_cortex.o
                0x0000000008000554                HAL_SYSTICK_Config
 .text.HAL_SYSTICK_CLKSourceConfig
                0x0000000008000580       0x3c ./system/src/stm32f7-hal/stm32f7xx_hal_cortex.o
                0x0000000008000580                HAL_SYSTICK_CLKSourceConfig
 .text.HAL_GPIO_Init
                0x00000000080005bc      0x304 ./system/src/stm32f7-hal/stm32f7xx_hal_gpio.o
                0x00000000080005bc                HAL_GPIO_Init
 .text.HAL_GPIO_WritePin
                0x00000000080008c0       0x34 ./system/src/stm32f7-hal/stm32f7xx_hal_gpio.o
                0x00000000080008c0                HAL_GPIO_WritePin
 .text.HAL_PWREx_EnableOverDrive
                0x00000000080008f4       0x84 ./system/src/stm32f7-hal/stm32f7xx_hal_pwr_ex.o
                0x00000000080008f4                HAL_PWREx_EnableOverDrive
 .text.HAL_RCC_OscConfig
                0x0000000008000978      0x580 ./system/src/stm32f7-hal/stm32f7xx_hal_rcc.o
                0x0000000008000978                HAL_RCC_OscConfig
 .text.HAL_RCC_ClockConfig
                0x0000000008000ef8      0x340 ./system/src/stm32f7-hal/stm32f7xx_hal_rcc.o
                0x0000000008000ef8                HAL_RCC_ClockConfig
 .text.HAL_RCC_GetSysClockFreq
                0x0000000008001238       0xa0 ./system/src/stm32f7-hal/stm32f7xx_hal_rcc.o
                0x0000000008001238                HAL_RCC_GetSysClockFreq
 .text.HAL_RCC_GetHCLKFreq
                0x00000000080012d8       0x34 ./system/src/stm32f7-hal/stm32f7xx_hal_rcc.o
                0x00000000080012d8                HAL_RCC_GetHCLKFreq
 .text._exit    0x000000000800130c        0x4 ./system/src/newlib/_exit.o
                0x000000000800130c                _exit
 .text.abort    0x0000000008001310       0x14 ./system/src/newlib/_exit.o
                0x0000000008001310                abort
 .text._sbrk    0x0000000008001324       0x44 ./system/src/newlib/_sbrk.o
                0x0000000008001324                _sbrk
 .text.__initialize_args
                0x0000000008001368       0x10 ./system/src/newlib/_syscalls.o
                0x0000000008001368                __initialize_args
 .text.assert_failed
                0x0000000008001378       0x14 ./system/src/newlib/assert.o
                0x0000000008001378                assert_failed
 .text.trace_printf
                0x000000000800138c       0x30 ./system/src/diag/Trace.o
                0x000000000800138c                trace_printf
 .text.trace_puts
                0x00000000080013bc       0x20 ./system/src/diag/Trace.o
                0x00000000080013bc                trace_puts
 .text._trace_write_itm
                0x00000000080013dc       0x48 ./system/src/diag/trace_impl.o
 .text.trace_write
                0x0000000008001424        0x8 ./system/src/diag/trace_impl.o
                0x0000000008001424                trace_write
 .text.__initialize_hardware_early
                0x000000000800142c       0x18 ./system/src/cortexm/_initialize_hardware.o
                0x000000000800142c                __initialize_hardware_early
 .text.dumpExceptionStack
                0x0000000008001444       0xf0 ./system/src/cortexm/exception_handlers.o
                0x0000000008001444                dumpExceptionStack
 .text.SystemInit
                0x0000000008001534       0x40 ./system/src/cmsis/system_stm32f7xx.o
                0x0000000008001534                SystemInit
 .text.SystemCoreClockUpdate
                0x0000000008001574       0xa0 ./system/src/cmsis/system_stm32f7xx.o
                0x0000000008001574                SystemCoreClockUpdate
 .text.blink_led_init
                0x0000000008001614       0x3c ./src/BlinkLed.o
                0x0000000008001614                blink_led_init
 .text.timer_start
                0x0000000008001650       0x3c ./src/Timer.o
                0x0000000008001650                timer_start
 .text.timer_sleep
                0x000000000800168c       0x14 ./src/Timer.o
                0x000000000800168c                timer_sleep
 .text.timer_tick
                0x00000000080016a0       0x14 ./src/Timer.o
                0x00000000080016a0                timer_tick
 .text.SysTick_Handler
                0x00000000080016b4        0xc ./src/Timer.o
                0x00000000080016b4                SysTick_Handler
 .text.SystemClock_Config
                0x00000000080016c0       0xa0 ./src/_initialize_hardware.o
                0x00000000080016c0                SystemClock_Config
 .text.__initialize_hardware
                0x0000000008001760       0x84 ./src/_initialize_hardware.o
                0x0000000008001760                __initialize_hardware
 .text.main     0x00000000080017e4       0x68 ./src/main.o
                0x00000000080017e4                main
 .text.HAL_MspInit
                0x000000000800184c        0x4 ./src/stm32f7xx_hal_msp.o
                0x000000000800184c                HAL_MspInit
 .text.__errno  0x0000000008001850        0xc /usr/local/gcc-arm-none-eabi-5_4-2016q2/bin/../lib/gcc/arm-none-eabi/5.4.1/../../../../arm-none-eabi/lib/armv7e-m/libg_nano.a(lib_a-errno.o)
                0x0000000008001850                __errno
 .text          0x000000000800185c       0x10 /usr/local/gcc-arm-none-eabi-5_4-2016q2/bin/../lib/gcc/arm-none-eabi/5.4.1/../../../../arm-none-eabi/lib/armv7e-m/libg_nano.a(lib_a-strlen.o)
                0x000000000800185c                strlen
 .text._vsnprintf_r
                0x000000000800186c       0x56 /usr/local/gcc-arm-none-eabi-5_4-2016q2/bin/../lib/gcc/arm-none-eabi/5.4.1/../../../../arm-none-eabi/lib/armv7e-m/libg_nano.a(lib_a-vsnprintf.o)
                0x000000000800186c                _vsnprintf_r
                0x000000000800186c                _vsniprintf_r
 *fill*         0x00000000080018c2        0x2 
 .text.vsnprintf
                0x00000000080018c4       0x1c /usr/local/gcc-arm-none-eabi-5_4-2016q2/bin/../lib/gcc/arm-none-eabi/5.4.1/../../../../arm-none-eabi/lib/armv7e-m/libg_nano.a(lib_a-vsnprintf.o)
                0x00000000080018c4                vsnprintf
                0x00000000080018c4                vsniprintf
 .text.__ssputs_r
                0x00000000080018e0       0xb2 /usr/local/gcc-arm-none-eabi-5_4-2016q2/bin/../lib/gcc/arm-none-eabi/5.4.1/../../../../arm-none-eabi/lib/armv7e-m/libg_nano.a(lib_a-nano-svfprintf.o)
                0x00000000080018e0                __ssputs_r
 *fill*         0x0000000008001992        0x2 
 .text._svfprintf_r
                0x0000000008001994      0x1e8 /usr/local/gcc-arm-none-eabi-5_4-2016q2/bin/../lib/gcc/arm-none-eabi/5.4.1/../../../../arm-none-eabi/lib/armv7e-m/libg_nano.a(lib_a-nano-svfprintf.o)
                0x0000000008001994                _svfprintf_r
                0x0000000008001994                _svfiprintf_r
 .text._printf_common
                0x0000000008001b7c       0xec /usr/local/gcc-arm-none-eabi-5_4-2016q2/bin/../lib/gcc/arm-none-eabi/5.4.1/../../../../arm-none-eabi/lib/armv7e-m/libg_nano.a(lib_a-nano-vfprintf_i.o)
                0x0000000008001b7c                _printf_common
 .text._printf_i
                0x0000000008001c68      0x24c /usr/local/gcc-arm-none-eabi-5_4-2016q2/bin/../lib/gcc/arm-none-eabi/5.4.1/../../../../arm-none-eabi/lib/armv7e-m/libg_nano.a(lib_a-nano-vfprintf_i.o)
                0x0000000008001c68                _printf_i
 *fill*         0x0000000008001eb4        0xc 
 .text          0x0000000008001ec0       0xa0 /usr/local/gcc-arm-none-eabi-5_4-2016q2/bin/../lib/gcc/arm-none-eabi/5.4.1/../../../../arm-none-eabi/lib/armv7e-m/libg_nano.a(lib_a-memchr.o)
                0x0000000008001ec0                memchr
 .text.memcpy   0x0000000008001f60       0x16 /usr/local/gcc-arm-none-eabi-5_4-2016q2/bin/../lib/gcc/arm-none-eabi/5.4.1/../../../../arm-none-eabi/lib/armv7e-m/libg_nano.a(lib_a-memcpy-stub.o)
                0x0000000008001f60                memcpy
 .text.memmove  0x0000000008001f76       0x36 /usr/local/gcc-arm-none-eabi-5_4-2016q2/bin/../lib/gcc/arm-none-eabi/5.4.1/../../../../arm-none-eabi/lib/armv7e-m/libg_nano.a(lib_a-memmove.o)
                0x0000000008001f76                memmove
 .text._free_r  0x0000000008001fac       0x9c /usr/local/gcc-arm-none-eabi-5_4-2016q2/bin/../lib/gcc/arm-none-eabi/5.4.1/../../../../arm-none-eabi/lib/armv7e-m/libg_nano.a(lib_a-nano-freer.o)
                0x0000000008001fac                _free_r
 .text._malloc_r
                0x0000000008002048       0xbc /usr/local/gcc-arm-none-eabi-5_4-2016q2/bin/../lib/gcc/arm-none-eabi/5.4.1/../../../../arm-none-eabi/lib/armv7e-m/libg_nano.a(lib_a-nano-mallocr.o)
                0x0000000008002048                _malloc_r
 .text._realloc_r
                0x0000000008002104       0x4c /usr/local/gcc-arm-none-eabi-5_4-2016q2/bin/../lib/gcc/arm-none-eabi/5.4.1/../../../../arm-none-eabi/lib/armv7e-m/libg_nano.a(lib_a-nano-reallocr.o)
                0x0000000008002104                _realloc_r
 .text._sbrk_r  0x0000000008002150       0x20 /usr/local/gcc-arm-none-eabi-5_4-2016q2/bin/../lib/gcc/arm-none-eabi/5.4.1/../../../../arm-none-eabi/lib/armv7e-m/libg_nano.a(lib_a-sbrkr.o)
                0x0000000008002150                _sbrk_r
 .text.__malloc_lock
                0x0000000008002170        0x2 /usr/local/gcc-arm-none-eabi-5_4-2016q2/bin/../lib/gcc/arm-none-eabi/5.4.1/../../../../arm-none-eabi/lib/armv7e-m/libg_nano.a(lib_a-mlock.o)
                0x0000000008002170                __malloc_lock
 .text.__malloc_unlock
                0x0000000008002172        0x2 /usr/local/gcc-arm-none-eabi-5_4-2016q2/bin/../lib/gcc/arm-none-eabi/5.4.1/../../../../arm-none-eabi/lib/armv7e-m/libg_nano.a(lib_a-mlock.o)
                0x0000000008002172                __malloc_unlock
 .text._malloc_usable_size_r
                0x0000000008002174       0x14 /usr/local/gcc-arm-none-eabi-5_4-2016q2/bin/../lib/gcc/arm-none-eabi/5.4.1/../../../../arm-none-eabi/lib/armv7e-m/libg_nano.a(lib_a-nano-msizer.o)
                0x0000000008002174                _malloc_usable_size_r
 *(.rodata .rodata.* .constdata .constdata.*)
 .rodata.str1.4
                0x0000000008002188       0x31 ./system/src/stm32f7-hal/stm32f7xx_hal_cortex.o
 *fill*         0x00000000080021b9        0x3 
 .rodata.str1.4
                0x00000000080021bc       0x2f ./system/src/stm32f7-hal/stm32f7xx_hal_gpio.o
 *fill*         0x00000000080021eb        0x1 
 .rodata.APBAHBPrescTable
                0x00000000080021ec       0x10 ./system/src/stm32f7-hal/stm32f7xx_hal_rcc.o
                0x00000000080021ec                APBAHBPrescTable
 .rodata.str1.4
                0x00000000080021fc       0x2e ./system/src/stm32f7-hal/stm32f7xx_hal_rcc.o
 *fill*         0x000000000800222a        0x2 
 .rodata.str1.4
                0x000000000800222c       0x14 ./system/src/newlib/_exit.o
 .rodata.str1.4
                0x0000000008002240       0x6b ./system/src/newlib/assert.o
                                         0x6f (size before relaxing)
 *fill*         0x00000000080022ab        0x1 
 .rodata.str1.4
                0x00000000080022ac       0x29 ./system/src/diag/Trace.o
                                         0x2d (size before relaxing)
 *fill*         0x00000000080022d5        0x3 
 .rodata.str1.4
                0x00000000080022d8      0x146 ./system/src/cortexm/exception_handlers.o
 *fill*         0x000000000800241e        0x2 
 .rodata.AHBPrescTable
                0x0000000008002420       0x10 ./system/src/cmsis/system_stm32f7xx.o
                0x0000000008002420                AHBPrescTable
 .rodata.str1.4
                0x0000000008002430       0x38 ./src/main.o
                                         0x37 (size before relaxing)
 .rodata.str1.1
                0x0000000008002468        0x2 /usr/local/gcc-arm-none-eabi-5_4-2016q2/bin/../lib/gcc/arm-none-eabi/5.4.1/../../../../arm-none-eabi/lib/armv7e-m/libg_nano.a(lib_a-impure.o)
 .rodata.str1.1
                0x000000000800246a       0x11 /usr/local/gcc-arm-none-eabi-5_4-2016q2/bin/../lib/gcc/arm-none-eabi/5.4.1/../../../../arm-none-eabi/lib/armv7e-m/libg_nano.a(lib_a-nano-svfprintf.o)
 .rodata.str1.1
                0x000000000800247b       0x22 /usr/local/gcc-arm-none-eabi-5_4-2016q2/bin/../lib/gcc/arm-none-eabi/5.4.1/../../../../arm-none-eabi/lib/armv7e-m/libg_nano.a(lib_a-nano-vfprintf_i.o)
 *(vtable)
 *(.eh_frame*)
 *(.glue_7)
 .glue_7        0x000000000800249d        0x0 linker stubs
 *(.glue_7t)
 .glue_7t       0x000000000800249d        0x0 linker stubs

.vfp11_veneer   0x00000000080024a0        0x0
 .vfp11_veneer  0x00000000080024a0        0x0 linker stubs

.v4_bx          0x00000000080024a0        0x0
 .v4_bx         0x00000000080024a0        0x0 linker stubs

.iplt           0x00000000080024a0        0x0
 .iplt          0x00000000080024a0        0x0 ./system/src/stm32f7-hal/stm32f7xx_hal.o

.rel.dyn        0x00000000080024a0        0x0
 .rel.iplt      0x00000000080024a0        0x0 ./system/src/stm32f7-hal/stm32f7xx_hal.o

.ARM.extab
 *(.ARM.extab* .gnu.linkonce.armextab.*)
                0x00000000080024a0                . = ALIGN (0x4)
                0x00000000080024a0                __exidx_start = .

.ARM.exidx
 *(.ARM.exidx* .gnu.linkonce.armexidx.*)
                0x00000000080024a0                __exidx_end = .
                0x00000000080024a0                . = ALIGN (0x4)
                0x00000000080024a0                _etext = .
                0x00000000080024a0                __etext = .

.data_CCMRAM    0x0000000010000000        0x0 load address 0x00000000080024a0
 FILL mask 0xff
 *(.data.CCMRAM .data.CCMRAM.*)
                0x0000000010000000                . = ALIGN (0x4)
                0x00000000080024a0                _sidata = LOADADDR (.data)

.data           0x0000000020000000       0x78 load address 0x00000000080024a0
 FILL mask 0xff
                0x0000000020000000                _sdata = .
                0x0000000020000000                __data_start__ = .
 *(.data_begin .data_begin.*)
 .data_begin    0x0000000020000000        0x4 ./system/src/newlib/_startup.o
 *(.data .data.*)
 .data.argv.4282
                0x0000000020000004        0x8 ./system/src/newlib/_syscalls.o
 .data.SystemCoreClock
                0x000000002000000c        0x4 ./system/src/cmsis/system_stm32f7xx.o
                0x000000002000000c                SystemCoreClock
 .data.impure_data
                0x0000000020000010       0x60 /usr/local/gcc-arm-none-eabi-5_4-2016q2/bin/../lib/gcc/arm-none-eabi/5.4.1/../../../../arm-none-eabi/lib/armv7e-m/libg_nano.a(lib_a-impure.o)
 .data._impure_ptr
                0x0000000020000070        0x4 /usr/local/gcc-arm-none-eabi-5_4-2016q2/bin/../lib/gcc/arm-none-eabi/5.4.1/../../../../arm-none-eabi/lib/armv7e-m/libg_nano.a(lib_a-impure.o)
                0x0000000020000070                _impure_ptr
 *(.data_end .data_end.*)
 .data_end      0x0000000020000074        0x4 ./system/src/newlib/_startup.o
                0x0000000020000078                . = ALIGN (0x4)
                0x0000000020000078                _edata = .
                0x0000000020000078                __data_end__ = .

.igot.plt       0x0000000020000078        0x0 load address 0x0000000008002518
 .igot.plt      0x0000000020000078        0x0 ./system/src/stm32f7-hal/stm32f7xx_hal.o

.bss_CCMRAM     0x0000000010000000        0x0
 *(.bss.CCMRAM .bss.CCMRAM.*)

.bss            0x0000000020000078       0xa4
                0x0000000020000078                __bss_start__ = .
                0x0000000020000078                _sbss = .
 *(.bss_begin .bss_begin.*)
 .bss_begin     0x0000000020000078        0x4 ./system/src/newlib/_startup.o
 *(.bss .bss.*)
 .bss.uwTick    0x000000002000007c        0x4 ./system/src/stm32f7-hal/stm32f7xx_hal.o
 .bss.current_heap_end.3973
                0x0000000020000080        0x4 ./system/src/newlib/_sbrk.o
 .bss.name.4281
                0x0000000020000084        0x1 ./system/src/newlib/_syscalls.o
 *fill*         0x0000000020000085        0x3 
 .bss.buf.5165  0x0000000020000088       0x80 ./system/src/diag/Trace.o
 .bss.__malloc_sbrk_start
                0x0000000020000108        0x4 /usr/local/gcc-arm-none-eabi-5_4-2016q2/bin/../lib/gcc/arm-none-eabi/5.4.1/../../../../arm-none-eabi/lib/armv7e-m/libg_nano.a(lib_a-nano-mallocr.o)
                0x0000000020000108                __malloc_sbrk_start
 .bss.__malloc_free_list
                0x000000002000010c        0x4 /usr/local/gcc-arm-none-eabi-5_4-2016q2/bin/../lib/gcc/arm-none-eabi/5.4.1/../../../../arm-none-eabi/lib/armv7e-m/libg_nano.a(lib_a-nano-mallocr.o)
                0x000000002000010c                __malloc_free_list
 *(COMMON)
 COMMON         0x0000000020000110        0x4 ./system/src/newlib/_syscalls.o
                0x0000000020000110                errno
 COMMON         0x0000000020000114        0x4 ./src/Timer.o
                0x0000000020000114                timer_delayCount
 *(.bss_end .bss_end.*)
 .bss_end       0x0000000020000118        0x4 ./system/src/newlib/_startup.o
                0x000000002000011c                . = ALIGN (0x4)
                0x000000002000011c                __bss_end__ = .
                0x000000002000011c                _ebss = .

.noinit_CCMRAM
 *(.noinit.CCMRAM .noinit.CCMRAM.*)

.noinit         0x000000002000011c        0x0
                0x000000002000011c                _noinit = .
 *(.noinit .noinit.*)
                0x000000002000011c                . = ALIGN (0x4)
                0x000000002000011c                _end_noinit = .
                [!provide]                        PROVIDE (end, _end_noinit)
                [!provide]                        PROVIDE (_end, _end_noinit)
                [!provide]                        PROVIDE (__end, _end_noinit)
                [!provide]                        PROVIDE (__end__, _end_noinit)

._check_stack   0x000000002000011c      0x100
                0x000000002000021c                . = (. + _Minimum_Stack_Size)
 *fill*         0x000000002000011c      0x100 

.b1text
 *(.b1text)
 *(.b1rodata)
 *(.b1rodata.*)

.eb0text
 *(.eb0text)
 *(.eb0rodata)
 *(.eb0rodata.*)

.eb1text
 *(.eb1text)
 *(.eb1rodata)
 *(.eb1rodata.*)

.eb2text
 *(.eb2text)
 *(.eb2rodata)
 *(.eb2rodata.*)

.eb3text
 *(.eb3text)
 *(.eb3rodata)
 *(.eb3rodata.*)

.stab
 *(.stab)

.stabstr
 *(.stabstr)

.stab.excl
 *(.stab.excl)

.stab.exclstr
 *(.stab.exclstr)

.stab.index
 *(.stab.index)

.stab.indexstr
 *(.stab.indexstr)

.comment        0x0000000000000000       0x6e
 *(.comment)
 .comment       0x0000000000000000       0x6e ./system/src/stm32f7-hal/stm32f7xx_hal.o
                                         0x6f (size before relaxing)
 .comment       0x000000000000006e       0x6f ./system/src/stm32f7-hal/stm32f7xx_hal_cortex.o
 .comment       0x000000000000006e       0x6f ./system/src/stm32f7-hal/stm32f7xx_hal_gpio.o
 .comment       0x000000000000006e       0x6f ./system/src/stm32f7-hal/stm32f7xx_hal_pwr_ex.o
 .comment       0x000000000000006e       0x6f ./system/src/stm32f7-hal/stm32f7xx_hal_rcc.o
 .comment       0x000000000000006e       0x6f ./system/src/newlib/_exit.o
 .comment       0x000000000000006e       0x6f ./system/src/newlib/_sbrk.o
 .comment       0x000000000000006e       0x6f ./system/src/newlib/_startup.o
 .comment       0x000000000000006e       0x6f ./system/src/newlib/_syscalls.o
 .comment       0x000000000000006e       0x6f ./system/src/newlib/assert.o
 .comment       0x000000000000006e       0x6f ./system/src/diag/Trace.o
 .comment       0x000000000000006e       0x6f ./system/src/diag/trace_impl.o
 .comment       0x000000000000006e       0x6f ./system/src/cortexm/_initialize_hardware.o
 .comment       0x000000000000006e       0x6f ./system/src/cortexm/exception_handlers.o
 .comment       0x000000000000006e       0x6f ./system/src/cmsis/system_stm32f7xx.o
 .comment       0x000000000000006e       0x6f ./system/src/cmsis/vectors_stm32f746xx.o
 .comment       0x000000000000006e       0x6f ./src/BlinkLed.o
 .comment       0x000000000000006e       0x6f ./src/Timer.o
 .comment       0x000000000000006e       0x6f ./src/_initialize_hardware.o
 .comment       0x000000000000006e       0x6f ./src/main.o
 .comment       0x000000000000006e       0x6f ./src/stm32f7xx_hal_msp.o

.ARM.attributes
                0x0000000000000000       0x31
 .ARM.attributes
                0x0000000000000000       0x33 ./system/src/stm32f7-hal/stm32f7xx_hal.o
 .ARM.attributes
                0x0000000000000033       0x33 ./system/src/stm32f7-hal/stm32f7xx_hal_cortex.o
 .ARM.attributes
                0x0000000000000066       0x33 ./system/src/stm32f7-hal/stm32f7xx_hal_gpio.o
 .ARM.attributes
                0x0000000000000099       0x33 ./system/src/stm32f7-hal/stm32f7xx_hal_pwr_ex.o
 .ARM.attributes
                0x00000000000000cc       0x33 ./system/src/stm32f7-hal/stm32f7xx_hal_rcc.o
 .ARM.attributes
                0x00000000000000ff       0x33 ./system/src/newlib/_exit.o
 .ARM.attributes
                0x0000000000000132       0x33 ./system/src/newlib/_sbrk.o
 .ARM.attributes
                0x0000000000000165       0x33 ./system/src/newlib/_startup.o
 .ARM.attributes
                0x0000000000000198       0x33 ./system/src/newlib/_syscalls.o
 .ARM.attributes
                0x00000000000001cb       0x33 ./system/src/newlib/assert.o
 .ARM.attributes
                0x00000000000001fe       0x33 ./system/src/diag/Trace.o
 .ARM.attributes
                0x0000000000000231       0x33 ./system/src/diag/trace_impl.o
 .ARM.attributes
                0x0000000000000264       0x33 ./system/src/cortexm/_initialize_hardware.o
 .ARM.attributes
                0x0000000000000297       0x33 ./system/src/cortexm/exception_handlers.o
 .ARM.attributes
                0x00000000000002ca       0x33 ./system/src/cmsis/system_stm32f7xx.o
 .ARM.attributes
                0x00000000000002fd       0x33 ./system/src/cmsis/vectors_stm32f746xx.o
 .ARM.attributes
                0x0000000000000330       0x33 ./src/BlinkLed.o
 .ARM.attributes
                0x0000000000000363       0x33 ./src/Timer.o
 .ARM.attributes
                0x0000000000000396       0x33 ./src/_initialize_hardware.o
 .ARM.attributes
                0x00000000000003c9       0x33 ./src/main.o
 .ARM.attributes
                0x00000000000003fc       0x33 ./src/stm32f7xx_hal_msp.o
 .ARM.attributes
                0x000000000000042f       0x2e /usr/local/gcc-arm-none-eabi-5_4-2016q2/bin/../lib/gcc/arm-none-eabi/5.4.1/../../../../arm-none-eabi/lib/armv7e-m/libg_nano.a(lib_a-errno.o)
 .ARM.attributes
                0x000000000000045d       0x2e /usr/local/gcc-arm-none-eabi-5_4-2016q2/bin/../lib/gcc/arm-none-eabi/5.4.1/../../../../arm-none-eabi/lib/armv7e-m/libg_nano.a(lib_a-impure.o)
 .ARM.attributes
                0x000000000000048b       0x17 /usr/local/gcc-arm-none-eabi-5_4-2016q2/bin/../lib/gcc/arm-none-eabi/5.4.1/../../../../arm-none-eabi/lib/armv7e-m/libg_nano.a(lib_a-strlen.o)
 .ARM.attributes
                0x00000000000004a2       0x2e /usr/local/gcc-arm-none-eabi-5_4-2016q2/bin/../lib/gcc/arm-none-eabi/5.4.1/../../../../arm-none-eabi/lib/armv7e-m/libg_nano.a(lib_a-vsnprintf.o)
 .ARM.attributes
                0x00000000000004d0       0x2e /usr/local/gcc-arm-none-eabi-5_4-2016q2/bin/../lib/gcc/arm-none-eabi/5.4.1/../../../../arm-none-eabi/lib/armv7e-m/libg_nano.a(lib_a-nano-svfprintf.o)
 .ARM.attributes
                0x00000000000004fe       0x2e /usr/local/gcc-arm-none-eabi-5_4-2016q2/bin/../lib/gcc/arm-none-eabi/5.4.1/../../../../arm-none-eabi/lib/armv7e-m/libg_nano.a(lib_a-nano-vfprintf_i.o)
 .ARM.attributes
                0x000000000000052c       0x1c /usr/local/gcc-arm-none-eabi-5_4-2016q2/bin/../lib/gcc/arm-none-eabi/5.4.1/../../../../arm-none-eabi/lib/armv7e-m/libg_nano.a(lib_a-memchr.o)
 .ARM.attributes
                0x0000000000000548       0x2e /usr/local/gcc-arm-none-eabi-5_4-2016q2/bin/../lib/gcc/arm-none-eabi/5.4.1/../../../../arm-none-eabi/lib/armv7e-m/libg_nano.a(lib_a-memcpy-stub.o)
 .ARM.attributes
                0x0000000000000576       0x2e /usr/local/gcc-arm-none-eabi-5_4-2016q2/bin/../lib/gcc/arm-none-eabi/5.4.1/../../../../arm-none-eabi/lib/armv7e-m/libg_nano.a(lib_a-memmove.o)
 .ARM.attributes
                0x00000000000005a4       0x2e /usr/local/gcc-arm-none-eabi-5_4-2016q2/bin/../lib/gcc/arm-none-eabi/5.4.1/../../../../arm-none-eabi/lib/armv7e-m/libg_nano.a(lib_a-nano-freer.o)
 .ARM.attributes
                0x00000000000005d2       0x2e /usr/local/gcc-arm-none-eabi-5_4-2016q2/bin/../lib/gcc/arm-none-eabi/5.4.1/../../../../arm-none-eabi/lib/armv7e-m/libg_nano.a(lib_a-nano-mallocr.o)
 .ARM.attributes
                0x0000000000000600       0x2e /usr/local/gcc-arm-none-eabi-5_4-2016q2/bin/../lib/gcc/arm-none-eabi/5.4.1/../../../../arm-none-eabi/lib/armv7e-m/libg_nano.a(lib_a-nano-reallocr.o)
 .ARM.attributes
                0x000000000000062e       0x2e /usr/local/gcc-arm-none-eabi-5_4-2016q2/bin/../lib/gcc/arm-none-eabi/5.4.1/../../../../arm-none-eabi/lib/armv7e-m/libg_nano.a(lib_a-sbrkr.o)
 .ARM.attributes
                0x000000000000065c       0x2e /usr/local/gcc-arm-none-eabi-5_4-2016q2/bin/../lib/gcc/arm-none-eabi/5.4.1/../../../../arm-none-eabi/lib/armv7e-m/libg_nano.a(lib_a-mlock.o)
 .ARM.attributes
                0x000000000000068a       0x2e /usr/local/gcc-arm-none-eabi-5_4-2016q2/bin/../lib/gcc/arm-none-eabi/5.4.1/../../../../arm-none-eabi/lib/armv7e-m/libg_nano.a(lib_a-nano-msizer.o)

.debug
 *(.debug)

.line
 *(.line)

.debug_srcinfo
 *(.debug_srcinfo)

.debug_sfnames
 *(.debug_sfnames)

.debug_aranges  0x0000000000000000      0x5e0
 *(.debug_aranges)
 .debug_aranges
                0x0000000000000000       0xd0 ./system/src/stm32f7-hal/stm32f7xx_hal.o
 .debug_aranges
                0x00000000000000d0       0x98 ./system/src/stm32f7-hal/stm32f7xx_hal_cortex.o
 .debug_aranges
                0x0000000000000168       0x58 ./system/src/stm32f7-hal/stm32f7xx_hal_gpio.o
 .debug_aranges
                0x00000000000001c0       0x80 ./system/src/stm32f7-hal/stm32f7xx_hal_pwr_ex.o
 .debug_aranges
                0x0000000000000240       0x88 ./system/src/stm32f7-hal/stm32f7xx_hal_rcc.o
 .debug_aranges
                0x00000000000002c8       0x28 ./system/src/newlib/_exit.o
 .debug_aranges
                0x00000000000002f0       0x20 ./system/src/newlib/_sbrk.o
 .debug_aranges
                0x0000000000000310       0x40 ./system/src/newlib/_startup.o
 .debug_aranges
                0x0000000000000350       0x30 ./system/src/newlib/_syscalls.o
 .debug_aranges
                0x0000000000000380       0x28 ./system/src/newlib/assert.o
 .debug_aranges
                0x00000000000003a8       0x38 ./system/src/diag/Trace.o
 .debug_aranges
                0x00000000000003e0       0x30 ./system/src/diag/trace_impl.o
 .debug_aranges
                0x0000000000000410       0x28 ./system/src/cortexm/_initialize_hardware.o
 .debug_aranges
                0x0000000000000438       0x88 ./system/src/cortexm/exception_handlers.o
 .debug_aranges
                0x00000000000004c0       0x28 ./system/src/cmsis/system_stm32f7xx.o
 .debug_aranges
                0x00000000000004e8       0x20 ./system/src/cmsis/vectors_stm32f746xx.o
 .debug_aranges
                0x0000000000000508       0x20 ./src/BlinkLed.o
 .debug_aranges
                0x0000000000000528       0x38 ./src/Timer.o
 .debug_aranges
                0x0000000000000560       0x28 ./src/_initialize_hardware.o
 .debug_aranges
                0x0000000000000588       0x20 ./src/main.o
 .debug_aranges
                0x00000000000005a8       0x38 ./src/stm32f7xx_hal_msp.o

.debug_pubnames
 *(.debug_pubnames)

.debug_info     0x0000000000000000     0x8118
 *(.debug_info .gnu.linkonce.wi.*)
 .debug_info    0x0000000000000000      0x97f ./system/src/stm32f7-hal/stm32f7xx_hal.o
 .debug_info    0x000000000000097f     0x132a ./system/src/stm32f7-hal/stm32f7xx_hal_cortex.o
 .debug_info    0x0000000000001ca9      0x8a0 ./system/src/stm32f7-hal/stm32f7xx_hal_gpio.o
 .debug_info    0x0000000000002549      0xa29 ./system/src/stm32f7-hal/stm32f7xx_hal_pwr_ex.o
 .debug_info    0x0000000000002f72      0xffc ./system/src/stm32f7-hal/stm32f7xx_hal_rcc.o
 .debug_info    0x0000000000003f6e       0xef ./system/src/newlib/_exit.o
 .debug_info    0x000000000000405d      0x11f ./system/src/newlib/_sbrk.o
 .debug_info    0x000000000000417c      0x4ef ./system/src/newlib/_startup.o
 .debug_info    0x000000000000466b      0x1c7 ./system/src/newlib/_syscalls.o
 .debug_info    0x0000000000004832      0x1a3 ./system/src/newlib/assert.o
 .debug_info    0x00000000000049d5      0x2e6 ./system/src/diag/Trace.o
 .debug_info    0x0000000000004cbb      0x3d7 ./system/src/diag/trace_impl.o
 .debug_info    0x0000000000005092      0x481 ./system/src/cortexm/_initialize_hardware.o
 .debug_info    0x0000000000005513      0x979 ./system/src/cortexm/exception_handlers.o
 .debug_info    0x0000000000005e8c      0x6a2 ./system/src/cmsis/system_stm32f7xx.o
 .debug_info    0x000000000000652e       0xd1 ./system/src/cmsis/vectors_stm32f746xx.o
 .debug_info    0x00000000000065ff      0x413 ./src/BlinkLed.o
 .debug_info    0x0000000000006a12      0x95a ./src/Timer.o
 .debug_info    0x000000000000736c      0x9bf ./src/_initialize_hardware.o
 .debug_info    0x0000000000007d2b      0x308 ./src/main.o
 .debug_info    0x0000000000008033       0xe5 ./src/stm32f7xx_hal_msp.o

.debug_abbrev   0x0000000000000000     0x1e6c
 *(.debug_abbrev)
 .debug_abbrev  0x0000000000000000      0x1c2 ./system/src/stm32f7-hal/stm32f7xx_hal.o
 .debug_abbrev  0x00000000000001c2      0x31b ./system/src/stm32f7-hal/stm32f7xx_hal_cortex.o
 .debug_abbrev  0x00000000000004dd      0x204 ./system/src/stm32f7-hal/stm32f7xx_hal_gpio.o
 .debug_abbrev  0x00000000000006e1      0x1f5 ./system/src/stm32f7-hal/stm32f7xx_hal_pwr_ex.o
 .debug_abbrev  0x00000000000008d6      0x2b8 ./system/src/stm32f7-hal/stm32f7xx_hal_rcc.o
 .debug_abbrev  0x0000000000000b8e       0x8e ./system/src/newlib/_exit.o
 .debug_abbrev  0x0000000000000c1c       0xb9 ./system/src/newlib/_sbrk.o
 .debug_abbrev  0x0000000000000cd5      0x1d4 ./system/src/newlib/_startup.o
 .debug_abbrev  0x0000000000000ea9       0xec ./system/src/newlib/_syscalls.o
 .debug_abbrev  0x0000000000000f95       0xab ./system/src/newlib/assert.o
 .debug_abbrev  0x0000000000001040      0x145 ./system/src/diag/Trace.o
 .debug_abbrev  0x0000000000001185      0x188 ./system/src/diag/trace_impl.o
 .debug_abbrev  0x000000000000130d       0xf9 ./system/src/cortexm/_initialize_hardware.o
 .debug_abbrev  0x0000000000001406      0x1e3 ./system/src/cortexm/exception_handlers.o
 .debug_abbrev  0x00000000000015e9      0x120 ./system/src/cmsis/system_stm32f7xx.o
 .debug_abbrev  0x0000000000001709       0x9d ./system/src/cmsis/vectors_stm32f746xx.o
 .debug_abbrev  0x00000000000017a6      0x152 ./src/BlinkLed.o
 .debug_abbrev  0x00000000000018f8      0x1cf ./src/Timer.o
 .debug_abbrev  0x0000000000001ac7      0x1ce ./src/_initialize_hardware.o
 .debug_abbrev  0x0000000000001c95      0x16d ./src/main.o
 .debug_abbrev  0x0000000000001e02       0x6a ./src/stm32f7xx_hal_msp.o

.debug_line     0x0000000000000000     0xaf62
 *(.debug_line)
 .debug_line    0x0000000000000000      0xb8e ./system/src/stm32f7-hal/stm32f7xx_hal.o
 .debug_line    0x0000000000000b8e      0xc57 ./system/src/stm32f7-hal/stm32f7xx_hal_cortex.o
 .debug_line    0x00000000000017e5      0xc46 ./system/src/stm32f7-hal/stm32f7xx_hal_gpio.o
 .debug_line    0x000000000000242b      0xb67 ./system/src/stm32f7-hal/stm32f7xx_hal_pwr_ex.o
 .debug_line    0x0000000000002f92      0xe7e ./system/src/stm32f7-hal/stm32f7xx_hal_rcc.o
 .debug_line    0x0000000000003e10      0x2f8 ./system/src/newlib/_exit.o
 .debug_line    0x0000000000004108      0x2aa ./system/src/newlib/_sbrk.o
 .debug_line    0x00000000000043b2      0x372 ./system/src/newlib/_startup.o
 .debug_line    0x0000000000004724      0x3a7 ./system/src/newlib/_syscalls.o
 .debug_line    0x0000000000004acb      0x333 ./system/src/newlib/assert.o
 .debug_line    0x0000000000004dfe      0x357 ./system/src/diag/Trace.o
 .debug_line    0x0000000000005155      0xa71 ./system/src/diag/trace_impl.o
 .debug_line    0x0000000000005bc6      0xa0d ./system/src/cortexm/_initialize_hardware.o
 .debug_line    0x00000000000065d3      0xb0e ./system/src/cortexm/exception_handlers.o
 .debug_line    0x00000000000070e1      0xa0d ./system/src/cmsis/system_stm32f7xx.o
 .debug_line    0x0000000000007aee       0xf4 ./system/src/cmsis/vectors_stm32f746xx.o
 .debug_line    0x0000000000007be2      0xa00 ./src/BlinkLed.o
 .debug_line    0x00000000000085e2      0xa61 ./src/Timer.o
 .debug_line    0x0000000000009043      0xa69 ./src/_initialize_hardware.o
 .debug_line    0x0000000000009aac      0xa9c ./src/main.o
 .debug_line    0x000000000000a548      0xa1a ./src/stm32f7xx_hal_msp.o

.debug_frame    0x0000000000000000      0xf04
 *(.debug_frame)
 .debug_frame   0x0000000000000000      0x1b8 ./system/src/stm32f7-hal/stm32f7xx_hal.o
 .debug_frame   0x00000000000001b8      0x184 ./system/src/stm32f7-hal/stm32f7xx_hal_cortex.o
 .debug_frame   0x000000000000033c      0x100 ./system/src/stm32f7-hal/stm32f7xx_hal_gpio.o
 .debug_frame   0x000000000000043c      0x134 ./system/src/stm32f7-hal/stm32f7xx_hal_pwr_ex.o
 .debug_frame   0x0000000000000570      0x160 ./system/src/stm32f7-hal/stm32f7xx_hal_rcc.o
 .debug_frame   0x00000000000006d0       0x38 ./system/src/newlib/_exit.o
 .debug_frame   0x0000000000000708       0x28 ./system/src/newlib/_sbrk.o
 .debug_frame   0x0000000000000730       0x7c ./system/src/newlib/_startup.o
 .debug_frame   0x00000000000007ac       0x50 ./system/src/newlib/_syscalls.o
 .debug_frame   0x00000000000007fc       0x40 ./system/src/newlib/assert.o
 .debug_frame   0x000000000000083c       0x94 ./system/src/diag/Trace.o
 .debug_frame   0x00000000000008d0       0x54 ./system/src/diag/trace_impl.o
 .debug_frame   0x0000000000000924       0x40 ./system/src/cortexm/_initialize_hardware.o
 .debug_frame   0x0000000000000964      0x144 ./system/src/cortexm/exception_handlers.o
 .debug_frame   0x0000000000000aa8       0x30 ./system/src/cmsis/system_stm32f7xx.o
 .debug_frame   0x0000000000000ad8       0x20 ./system/src/cmsis/vectors_stm32f746xx.o
 .debug_frame   0x0000000000000af8       0x30 ./src/BlinkLed.o
 .debug_frame   0x0000000000000b28       0x58 ./src/Timer.o
 .debug_frame   0x0000000000000b80       0x48 ./src/_initialize_hardware.o
 .debug_frame   0x0000000000000bc8       0x28 ./src/main.o
 .debug_frame   0x0000000000000bf0       0x50 ./src/stm32f7xx_hal_msp.o
 .debug_frame   0x0000000000000c40       0x20 /usr/local/gcc-arm-none-eabi-5_4-2016q2/bin/../lib/gcc/arm-none-eabi/5.4.1/../../../../arm-none-eabi/lib/armv7e-m/libg_nano.a(lib_a-errno.o)
 .debug_frame   0x0000000000000c60       0x48 /usr/local/gcc-arm-none-eabi-5_4-2016q2/bin/../lib/gcc/arm-none-eabi/5.4.1/../../../../arm-none-eabi/lib/armv7e-m/libg_nano.a(lib_a-vsnprintf.o)
 .debug_frame   0x0000000000000ca8       0x90 /usr/local/gcc-arm-none-eabi-5_4-2016q2/bin/../lib/gcc/arm-none-eabi/5.4.1/../../../../arm-none-eabi/lib/armv7e-m/libg_nano.a(lib_a-nano-svfprintf.o)
 .debug_frame   0x0000000000000d38       0x60 /usr/local/gcc-arm-none-eabi-5_4-2016q2/bin/../lib/gcc/arm-none-eabi/5.4.1/../../../../arm-none-eabi/lib/armv7e-m/libg_nano.a(lib_a-nano-vfprintf_i.o)
 .debug_frame   0x0000000000000d98       0x28 /usr/local/gcc-arm-none-eabi-5_4-2016q2/bin/../lib/gcc/arm-none-eabi/5.4.1/../../../../arm-none-eabi/lib/armv7e-m/libg_nano.a(lib_a-memcpy-stub.o)
 .debug_frame   0x0000000000000dc0       0x28 /usr/local/gcc-arm-none-eabi-5_4-2016q2/bin/../lib/gcc/arm-none-eabi/5.4.1/../../../../arm-none-eabi/lib/armv7e-m/libg_nano.a(lib_a-memmove.o)
 .debug_frame   0x0000000000000de8       0x38 /usr/local/gcc-arm-none-eabi-5_4-2016q2/bin/../lib/gcc/arm-none-eabi/5.4.1/../../../../arm-none-eabi/lib/armv7e-m/libg_nano.a(lib_a-nano-freer.o)
 .debug_frame   0x0000000000000e20       0x2c /usr/local/gcc-arm-none-eabi-5_4-2016q2/bin/../lib/gcc/arm-none-eabi/5.4.1/../../../../arm-none-eabi/lib/armv7e-m/libg_nano.a(lib_a-nano-mallocr.o)
 .debug_frame   0x0000000000000e4c       0x3c /usr/local/gcc-arm-none-eabi-5_4-2016q2/bin/../lib/gcc/arm-none-eabi/5.4.1/../../../../arm-none-eabi/lib/armv7e-m/libg_nano.a(lib_a-nano-reallocr.o)
 .debug_frame   0x0000000000000e88       0x2c /usr/local/gcc-arm-none-eabi-5_4-2016q2/bin/../lib/gcc/arm-none-eabi/5.4.1/../../../../arm-none-eabi/lib/armv7e-m/libg_nano.a(lib_a-sbrkr.o)
 .debug_frame   0x0000000000000eb4       0x30 /usr/local/gcc-arm-none-eabi-5_4-2016q2/bin/../lib/gcc/arm-none-eabi/5.4.1/../../../../arm-none-eabi/lib/armv7e-m/libg_nano.a(lib_a-mlock.o)
 .debug_frame   0x0000000000000ee4       0x20 /usr/local/gcc-arm-none-eabi-5_4-2016q2/bin/../lib/gcc/arm-none-eabi/5.4.1/../../../../arm-none-eabi/lib/armv7e-m/libg_nano.a(lib_a-nano-msizer.o)

.debug_str      0x0000000000000000    0xccafe
 *(.debug_str)
 .debug_str     0x0000000000000000    0xc8f3d ./system/src/stm32f7-hal/stm32f7xx_hal.o
                                      0xc9354 (size before relaxing)
 .debug_str     0x00000000000c8f3d      0x468 ./system/src/stm32f7-hal/stm32f7xx_hal_cortex.o
                                      0xc93c0 (size before relaxing)
 .debug_str     0x00000000000c93a5      0x2ab ./system/src/stm32f7-hal/stm32f7xx_hal_gpio.o
                                      0xc8c61 (size before relaxing)
 .debug_str     0x00000000000c9650      0x1e9 ./system/src/stm32f7-hal/stm32f7xx_hal_pwr_ex.o
                                      0xc8d30 (size before relaxing)
 .debug_str     0x00000000000c9839      0x366 ./system/src/stm32f7-hal/stm32f7xx_hal_rcc.o
                                      0xc8dd2 (size before relaxing)
 .debug_str     0x00000000000c9b9f     0x10b6 ./system/src/newlib/_exit.o
                                       0x6eec (size before relaxing)
 .debug_str     0x00000000000cac55      0x4de ./system/src/newlib/_sbrk.o
                                       0x62d7 (size before relaxing)
 .debug_str     0x00000000000cb133      0x2cc ./system/src/newlib/_startup.o
                                       0x5ed6 (size before relaxing)
 .debug_str     0x00000000000cb3ff      0xe08 ./system/src/newlib/_syscalls.o
                                       0x7127 (size before relaxing)
 .debug_str     0x00000000000cc207       0xd5 ./system/src/newlib/assert.o
                                       0x79f1 (size before relaxing)
 .debug_str     0x00000000000cc2dc      0x17b ./system/src/diag/Trace.o
                                       0x76cc (size before relaxing)
 .debug_str     0x00000000000cc457       0xe0 ./system/src/diag/trace_impl.o
                                      0xc885b (size before relaxing)
 .debug_str     0x00000000000cc537       0x5e ./system/src/cortexm/_initialize_hardware.o
                                      0xc7978 (size before relaxing)
 .debug_str     0x00000000000cc595      0x1e5 ./system/src/cortexm/exception_handlers.o
                                      0xc8a88 (size before relaxing)
 .debug_str     0x00000000000cc77a       0x46 ./system/src/cmsis/system_stm32f7xx.o
                                      0xc7a4c (size before relaxing)
 .debug_str     0x00000000000cc7c0       0x59 ./system/src/cmsis/vectors_stm32f746xx.o
                                       0x308d (size before relaxing)
 .debug_str     0x00000000000cc819      0x12e ./src/BlinkLed.o
                                      0xc8acc (size before relaxing)
 .debug_str     0x00000000000cc947       0x76 ./src/Timer.o
                                      0xc8004 (size before relaxing)
 .debug_str     0x00000000000cc9bd       0x6a ./src/_initialize_hardware.o
                                      0xc8c7d (size before relaxing)
 .debug_str     0x00000000000cca27       0x9a ./src/main.o
                                      0xc9af9 (size before relaxing)
 .debug_str     0x00000000000ccac1       0x3d ./src/stm32f7xx_hal_msp.o
                                      0xc883a (size before relaxing)

.debug_loc      0x0000000000000000     0x1e29
 *(.debug_loc)
 .debug_loc     0x0000000000000000       0x6a ./system/src/stm32f7-hal/stm32f7xx_hal.o
 .debug_loc     0x000000000000006a      0x580 ./system/src/stm32f7-hal/stm32f7xx_hal_cortex.o
 .debug_loc     0x00000000000005ea      0x4bc ./system/src/stm32f7-hal/stm32f7xx_hal_gpio.o
 .debug_loc     0x0000000000000aa6      0x257 ./system/src/stm32f7-hal/stm32f7xx_hal_pwr_ex.o
 .debug_loc     0x0000000000000cfd      0x61e ./system/src/stm32f7-hal/stm32f7xx_hal_rcc.o
 .debug_loc     0x000000000000131b       0x82 ./system/src/newlib/_sbrk.o
 .debug_loc     0x000000000000139d      0x36e ./system/src/newlib/_startup.o
 .debug_loc     0x000000000000170b       0x63 ./system/src/newlib/_syscalls.o
 .debug_loc     0x000000000000176e      0x110 ./system/src/newlib/assert.o
 .debug_loc     0x000000000000187e      0x102 ./system/src/diag/Trace.o
 .debug_loc     0x0000000000001980       0x97 ./system/src/diag/trace_impl.o
 .debug_loc     0x0000000000001a17      0x184 ./system/src/cortexm/exception_handlers.o
 .debug_loc     0x0000000000001b9b      0x132 ./system/src/cmsis/system_stm32f7xx.o
 .debug_loc     0x0000000000001ccd       0x59 ./src/Timer.o
 .debug_loc     0x0000000000001d26       0xa2 ./src/_initialize_hardware.o
 .debug_loc     0x0000000000001dc8       0x61 ./src/main.o

.debug_macinfo
 *(.debug_macinfo)

.debug_weaknames
 *(.debug_weaknames)

.debug_funcnames
 *(.debug_funcnames)

.debug_typenames
 *(.debug_typenames)

.debug_varnames
 *(.debug_varnames)
OUTPUT(Hello???.elf elf32-littlearm)

.debug_ranges   0x0000000000000000      0x490
 .debug_ranges  0x0000000000000000       0xc0 ./system/src/stm32f7-hal/stm32f7xx_hal.o
 .debug_ranges  0x00000000000000c0       0x88 ./system/src/stm32f7-hal/stm32f7xx_hal_cortex.o
 .debug_ranges  0x0000000000000148       0x48 ./system/src/stm32f7-hal/stm32f7xx_hal_gpio.o
 .debug_ranges  0x0000000000000190       0x70 ./system/src/stm32f7-hal/stm32f7xx_hal_pwr_ex.o
 .debug_ranges  0x0000000000000200       0x78 ./system/src/stm32f7-hal/stm32f7xx_hal_rcc.o
 .debug_ranges  0x0000000000000278       0x18 ./system/src/newlib/_exit.o
 .debug_ranges  0x0000000000000290       0x10 ./system/src/newlib/_sbrk.o
 .debug_ranges  0x00000000000002a0       0x30 ./system/src/newlib/_startup.o
 .debug_ranges  0x00000000000002d0       0x20 ./system/src/newlib/_syscalls.o
 .debug_ranges  0x00000000000002f0       0x18 ./system/src/newlib/assert.o
 .debug_ranges  0x0000000000000308       0x28 ./system/src/diag/Trace.o
 .debug_ranges  0x0000000000000330       0x20 ./system/src/diag/trace_impl.o
 .debug_ranges  0x0000000000000350       0x18 ./system/src/cortexm/_initialize_hardware.o
 .debug_ranges  0x0000000000000368       0x78 ./system/src/cortexm/exception_handlers.o
 .debug_ranges  0x00000000000003e0       0x18 ./system/src/cmsis/system_stm32f7xx.o
 .debug_ranges  0x00000000000003f8       0x10 ./system/src/cmsis/vectors_stm32f746xx.o
 .debug_ranges  0x0000000000000408       0x10 ./src/BlinkLed.o
 .debug_ranges  0x0000000000000418       0x28 ./src/Timer.o
 .debug_ranges  0x0000000000000440       0x18 ./src/_initialize_hardware.o
 .debug_ranges  0x0000000000000458       0x10 ./src/main.o
 .debug_ranges  0x0000000000000468       0x28 ./src/stm32f7xx_hal_msp.o

.debug_macro    0x0000000000000000    0x2042d
 .debug_macro   0x0000000000000000      0x51d ./system/src/stm32f7-hal/stm32f7xx_hal.o
 .debug_macro   0x000000000000051d      0x898 ./system/src/stm32f7-hal/stm32f7xx_hal.o
 .debug_macro   0x0000000000000db5      0x25c ./system/src/stm32f7-hal/stm32f7xx_hal.o
 .debug_macro   0x0000000000001011       0x2e ./system/src/stm32f7-hal/stm32f7xx_hal.o
 .debug_macro   0x000000000000103f       0x3b ./system/src/stm32f7-hal/stm32f7xx_hal.o
 .debug_macro   0x000000000000107a      0x34e ./system/src/stm32f7-hal/stm32f7xx_hal.o
 .debug_macro   0x00000000000013c8       0x35 ./system/src/stm32f7-hal/stm32f7xx_hal.o
 .debug_macro   0x00000000000013fd       0x50 ./system/src/stm32f7-hal/stm32f7xx_hal.o
 .debug_macro   0x000000000000144d     0x1114 ./system/src/stm32f7-hal/stm32f7xx_hal.o
 .debug_macro   0x0000000000002561     0xa75c ./system/src/stm32f7-hal/stm32f7xx_hal.o
 .debug_macro   0x000000000000ccbd       0x43 ./system/src/stm32f7-hal/stm32f7xx_hal.o
 .debug_macro   0x000000000000cd00     0x32ff ./system/src/stm32f7-hal/stm32f7xx_hal.o
 .debug_macro   0x000000000000ffff       0x22 ./system/src/stm32f7-hal/stm32f7xx_hal.o
 .debug_macro   0x0000000000010021       0x4c ./system/src/stm32f7-hal/stm32f7xx_hal.o
 .debug_macro   0x000000000001006d       0x8d ./system/src/stm32f7-hal/stm32f7xx_hal.o
 .debug_macro   0x00000000000100fa       0x35 ./system/src/stm32f7-hal/stm32f7xx_hal.o
 .debug_macro   0x000000000001012f       0x9c ./system/src/stm32f7-hal/stm32f7xx_hal.o
 .debug_macro   0x00000000000101cb       0x16 ./system/src/stm32f7-hal/stm32f7xx_hal.o
 .debug_macro   0x00000000000101e1       0x4a ./system/src/stm32f7-hal/stm32f7xx_hal.o
 .debug_macro   0x000000000001022b       0x97 ./system/src/stm32f7-hal/stm32f7xx_hal.o
 .debug_macro   0x00000000000102c2      0x30d ./system/src/stm32f7-hal/stm32f7xx_hal.o
 .debug_macro   0x00000000000105cf       0xfd ./system/src/stm32f7-hal/stm32f7xx_hal.o
 .debug_macro   0x00000000000106cc       0x10 ./system/src/stm32f7-hal/stm32f7xx_hal.o
 .debug_macro   0x00000000000106dc       0x52 ./system/src/stm32f7-hal/stm32f7xx_hal.o
 .debug_macro   0x000000000001072e       0x1f ./system/src/stm32f7-hal/stm32f7xx_hal.o
 .debug_macro   0x000000000001074d       0x43 ./system/src/stm32f7-hal/stm32f7xx_hal.o
 .debug_macro   0x0000000000010790       0x20 ./system/src/stm32f7-hal/stm32f7xx_hal.o
 .debug_macro   0x00000000000107b0      0x187 ./system/src/stm32f7-hal/stm32f7xx_hal.o
 .debug_macro   0x0000000000010937       0x10 ./system/src/stm32f7-hal/stm32f7xx_hal.o
 .debug_macro   0x0000000000010947       0x5e ./system/src/stm32f7-hal/stm32f7xx_hal.o
 .debug_macro   0x00000000000109a5       0x1c ./system/src/stm32f7-hal/stm32f7xx_hal.o
 .debug_macro   0x00000000000109c1       0x52 ./system/src/stm32f7-hal/stm32f7xx_hal.o
 .debug_macro   0x0000000000010a13       0x40 ./system/src/stm32f7-hal/stm32f7xx_hal.o
 .debug_macro   0x0000000000010a53       0x10 ./system/src/stm32f7-hal/stm32f7xx_hal.o
 .debug_macro   0x0000000000010a63       0x40 ./system/src/stm32f7-hal/stm32f7xx_hal.o
 .debug_macro   0x0000000000010aa3       0xd7 ./system/src/stm32f7-hal/stm32f7xx_hal.o
 .debug_macro   0x0000000000010b7a       0x16 ./system/src/stm32f7-hal/stm32f7xx_hal.o
 .debug_macro   0x0000000000010b90      0x189 ./system/src/stm32f7-hal/stm32f7xx_hal.o
 .debug_macro   0x0000000000010d19       0x57 ./system/src/stm32f7-hal/stm32f7xx_hal.o
 .debug_macro   0x0000000000010d70      0x5c9 ./system/src/stm32f7-hal/stm32f7xx_hal.o
 .debug_macro   0x0000000000011339     0x18a6 ./system/src/stm32f7-hal/stm32f7xx_hal.o
 .debug_macro   0x0000000000012bdf       0xdd ./system/src/stm32f7-hal/stm32f7xx_hal.o
 .debug_macro   0x0000000000012cbc      0x11e ./system/src/stm32f7-hal/stm32f7xx_hal.o
 .debug_macro   0x0000000000012dda      0x1f3 ./system/src/stm32f7-hal/stm32f7xx_hal.o
 .debug_macro   0x0000000000012fcd       0x27 ./system/src/stm32f7-hal/stm32f7xx_hal.o
 .debug_macro   0x0000000000012ff4      0x272 ./system/src/stm32f7-hal/stm32f7xx_hal.o
 .debug_macro   0x0000000000013266       0x5f ./system/src/stm32f7-hal/stm32f7xx_hal.o
 .debug_macro   0x00000000000132c5      0x23a ./system/src/stm32f7-hal/stm32f7xx_hal.o
 .debug_macro   0x00000000000134ff      0x38a ./system/src/stm32f7-hal/stm32f7xx_hal.o
 .debug_macro   0x0000000000013889      0x161 ./system/src/stm32f7-hal/stm32f7xx_hal.o
 .debug_macro   0x00000000000139ea       0xf9 ./system/src/stm32f7-hal/stm32f7xx_hal.o
 .debug_macro   0x0000000000013ae3      0x36e ./system/src/stm32f7-hal/stm32f7xx_hal.o
 .debug_macro   0x0000000000013e51      0x272 ./system/src/stm32f7-hal/stm32f7xx_hal.o
 .debug_macro   0x00000000000140c3       0xab ./system/src/stm32f7-hal/stm32f7xx_hal.o
 .debug_macro   0x000000000001416e       0x4c ./system/src/stm32f7-hal/stm32f7xx_hal.o
 .debug_macro   0x00000000000141ba       0x2e ./system/src/stm32f7-hal/stm32f7xx_hal.o
 .debug_macro   0x00000000000141e8      0x1f3 ./system/src/stm32f7-hal/stm32f7xx_hal.o
 .debug_macro   0x00000000000143db       0xe6 ./system/src/stm32f7-hal/stm32f7xx_hal.o
 .debug_macro   0x00000000000144c1       0xa1 ./system/src/stm32f7-hal/stm32f7xx_hal.o
 .debug_macro   0x0000000000014562       0x3c ./system/src/stm32f7-hal/stm32f7xx_hal.o
 .debug_macro   0x000000000001459e       0x6c ./system/src/stm32f7-hal/stm32f7xx_hal.o
 .debug_macro   0x000000000001460a      0x1aa ./system/src/stm32f7-hal/stm32f7xx_hal.o
 .debug_macro   0x00000000000147b4      0xd92 ./system/src/stm32f7-hal/stm32f7xx_hal.o
 .debug_macro   0x0000000000015546      0x111 ./system/src/stm32f7-hal/stm32f7xx_hal.o
 .debug_macro   0x0000000000015657      0x293 ./system/src/stm32f7-hal/stm32f7xx_hal.o
 .debug_macro   0x00000000000158ea       0x12 ./system/src/stm32f7-hal/stm32f7xx_hal.o
 .debug_macro   0x00000000000158fc      0x516 ./system/src/stm32f7-hal/stm32f7xx_hal.o
 .debug_macro   0x0000000000015e12       0x88 ./system/src/stm32f7-hal/stm32f7xx_hal.o
 .debug_macro   0x0000000000015e9a       0xce ./system/src/stm32f7-hal/stm32f7xx_hal.o
 .debug_macro   0x0000000000015f68       0x10 ./system/src/stm32f7-hal/stm32f7xx_hal.o
 .debug_macro   0x0000000000015f78      0x1d0 ./system/src/stm32f7-hal/stm32f7xx_hal.o
 .debug_macro   0x0000000000016148       0x22 ./system/src/stm32f7-hal/stm32f7xx_hal.o
 .debug_macro   0x000000000001616a       0x66 ./system/src/stm32f7-hal/stm32f7xx_hal.o
 .debug_macro   0x00000000000161d0      0x1b5 ./system/src/stm32f7-hal/stm32f7xx_hal.o
 .debug_macro   0x0000000000016385       0xab ./system/src/stm32f7-hal/stm32f7xx_hal.o
 .debug_macro   0x0000000000016430      0x22c ./system/src/stm32f7-hal/stm32f7xx_hal.o
 .debug_macro   0x000000000001665c      0x240 ./system/src/stm32f7-hal/stm32f7xx_hal.o
 .debug_macro   0x000000000001689c      0x133 ./system/src/stm32f7-hal/stm32f7xx_hal.o
 .debug_macro   0x00000000000169cf      0x10c ./system/src/stm32f7-hal/stm32f7xx_hal.o
 .debug_macro   0x0000000000016adb       0x3c ./system/src/stm32f7-hal/stm32f7xx_hal.o
 .debug_macro   0x0000000000016b17      0x2db ./system/src/stm32f7-hal/stm32f7xx_hal.o
 .debug_macro   0x0000000000016df2       0x7b ./system/src/stm32f7-hal/stm32f7xx_hal.o
 .debug_macro   0x0000000000016e6d      0x313 ./system/src/stm32f7-hal/stm32f7xx_hal.o
 .debug_macro   0x0000000000017180      0x4dc ./system/src/stm32f7-hal/stm32f7xx_hal.o
 .debug_macro   0x000000000001765c       0xd6 ./system/src/stm32f7-hal/stm32f7xx_hal.o
 .debug_macro   0x0000000000017732      0x398 ./system/src/stm32f7-hal/stm32f7xx_hal.o
 .debug_macro   0x0000000000017aca       0xd6 ./system/src/stm32f7-hal/stm32f7xx_hal.o
 .debug_macro   0x0000000000017ba0      0x398 ./system/src/stm32f7-hal/stm32f7xx_hal.o
 .debug_macro   0x0000000000017f38      0x22b ./system/src/stm32f7-hal/stm32f7xx_hal.o
 .debug_macro   0x0000000000018163      0x1ed ./system/src/stm32f7-hal/stm32f7xx_hal.o
 .debug_macro   0x0000000000018350      0x2e2 ./system/src/stm32f7-hal/stm32f7xx_hal.o
 .debug_macro   0x0000000000018632      0x677 ./system/src/stm32f7-hal/stm32f7xx_hal.o
 .debug_macro   0x0000000000018ca9      0x24f ./system/src/stm32f7-hal/stm32f7xx_hal.o
 .debug_macro   0x0000000000018ef8      0x138 ./system/src/stm32f7-hal/stm32f7xx_hal.o
 .debug_macro   0x0000000000019030      0x4e8 ./system/src/stm32f7-hal/stm32f7xx_hal.o
 .debug_macro   0x0000000000019518       0x47 ./system/src/stm32f7-hal/stm32f7xx_hal.o
 .debug_macro   0x000000000001955f      0x1df ./system/src/stm32f7-hal/stm32f7xx_hal.o
 .debug_macro   0x000000000001973e       0x29 ./system/src/stm32f7-hal/stm32f7xx_hal.o
 .debug_macro   0x0000000000019767       0x58 ./system/src/stm32f7-hal/stm32f7xx_hal.o
 .debug_macro   0x00000000000197bf      0x1c3 ./system/src/stm32f7-hal/stm32f7xx_hal.o
 .debug_macro   0x0000000000019982       0x30 ./system/src/stm32f7-hal/stm32f7xx_hal.o
 .debug_macro   0x00000000000199b2       0x58 ./system/src/stm32f7-hal/stm32f7xx_hal.o
 .debug_macro   0x0000000000019a0a      0x2cd ./system/src/stm32f7-hal/stm32f7xx_hal.o
 .debug_macro   0x0000000000019cd7       0x10 ./system/src/stm32f7-hal/stm32f7xx_hal.o
 .debug_macro   0x0000000000019ce7       0xa5 ./system/src/stm32f7-hal/stm32f7xx_hal.o
 .debug_macro   0x0000000000019d8c       0x8d ./system/src/stm32f7-hal/stm32f7xx_hal.o
 .debug_macro   0x0000000000019e19      0x1df ./system/src/stm32f7-hal/stm32f7xx_hal.o
 .debug_macro   0x0000000000019ff8      0x119 ./system/src/stm32f7-hal/stm32f7xx_hal.o
 .debug_macro   0x000000000001a111       0x75 ./system/src/stm32f7-hal/stm32f7xx_hal.o
 .debug_macro   0x000000000001a186      0x130 ./system/src/stm32f7-hal/stm32f7xx_hal.o
 .debug_macro   0x000000000001a2b6      0x4f9 ./system/src/stm32f7-hal/stm32f7xx_hal_cortex.o
 .debug_macro   0x000000000001a7af      0x531 ./system/src/stm32f7-hal/stm32f7xx_hal_gpio.o
 .debug_macro   0x000000000001ace0      0x511 ./system/src/stm32f7-hal/stm32f7xx_hal_pwr_ex.o
 .debug_macro   0x000000000001b1f1      0x51d ./system/src/stm32f7-hal/stm32f7xx_hal_rcc.o
 .debug_macro   0x000000000001b70e      0x19c ./system/src/newlib/_exit.o
 .debug_macro   0x000000000001b8aa      0x10e ./system/src/newlib/_exit.o
 .debug_macro   0x000000000001b9b8       0x8d ./system/src/newlib/_exit.o
 .debug_macro   0x000000000001ba45       0x35 ./system/src/newlib/_exit.o
 .debug_macro   0x000000000001ba7a      0x151 ./system/src/newlib/_sbrk.o
 .debug_macro   0x000000000001bbcb      0x174 ./system/src/newlib/_sbrk.o
 .debug_macro   0x000000000001bd3f       0x10 ./system/src/newlib/_sbrk.o
 .debug_macro   0x000000000001bd4f      0x23b ./system/src/newlib/_sbrk.o
 .debug_macro   0x000000000001bf8a      0x15b ./system/src/newlib/_startup.o
 .debug_macro   0x000000000001c0e5      0x89e ./system/src/newlib/_startup.o
 .debug_macro   0x000000000001c983      0x1f5 ./system/src/newlib/_syscalls.o
 .debug_macro   0x000000000001cb78       0x1c ./system/src/newlib/_syscalls.o
 .debug_macro   0x000000000001cb94       0x10 ./system/src/newlib/_syscalls.o
 .debug_macro   0x000000000001cba4       0x10 ./system/src/newlib/_syscalls.o
 .debug_macro   0x000000000001cbb4       0x10 ./system/src/newlib/_syscalls.o
 .debug_macro   0x000000000001cbc4       0x35 ./system/src/newlib/_syscalls.o
 .debug_macro   0x000000000001cbf9      0x122 ./system/src/newlib/_syscalls.o
 .debug_macro   0x000000000001cd1b       0x88 ./system/src/newlib/_syscalls.o
 .debug_macro   0x000000000001cda3       0x2b ./system/src/newlib/_syscalls.o
 .debug_macro   0x000000000001cdce      0x118 ./system/src/newlib/_syscalls.o
 .debug_macro   0x000000000001cee6      0x159 ./system/src/newlib/_syscalls.o
 .debug_macro   0x000000000001d03f       0x16 ./system/src/newlib/_syscalls.o
 .debug_macro   0x000000000001d055      0x1b8 ./system/src/newlib/assert.o
 .debug_macro   0x000000000001d20d       0x1c ./system/src/newlib/assert.o
 .debug_macro   0x000000000001d229      0x1c9 ./system/src/diag/Trace.o
 .debug_macro   0x000000000001d3f2       0x52 ./system/src/diag/Trace.o
 .debug_macro   0x000000000001d444       0x16 ./system/src/diag/Trace.o
 .debug_macro   0x000000000001d45a      0x525 ./system/src/diag/trace_impl.o
 .debug_macro   0x000000000001d97f      0x4f4 ./system/src/cortexm/_initialize_hardware.o
 .debug_macro   0x000000000001de73      0x549 ./system/src/cortexm/exception_handlers.o
 .debug_macro   0x000000000001e3bc       0x3b ./system/src/cortexm/exception_handlers.o
 .debug_macro   0x000000000001e3f7       0x22 ./system/src/cortexm/exception_handlers.o
 .debug_macro   0x000000000001e419      0x4f0 ./system/src/cmsis/system_stm32f7xx.o
 .debug_macro   0x000000000001e909       0x34 ./system/src/cmsis/vectors_stm32f746xx.o
 .debug_macro   0x000000000001e93d      0x502 ./src/BlinkLed.o
 .debug_macro   0x000000000001ee3f      0x136 ./src/BlinkLed.o
 .debug_macro   0x000000000001ef75       0x28 ./src/BlinkLed.o
 .debug_macro   0x000000000001ef9d      0x50d ./src/Timer.o
 .debug_macro   0x000000000001f4aa       0x10 ./src/Timer.o
 .debug_macro   0x000000000001f4ba      0x4f3 ./src/_initialize_hardware.o
 .debug_macro   0x000000000001f9ad      0x587 ./src/main.o
 .debug_macro   0x000000000001ff34      0x4f9 ./src/stm32f7xx_hal_msp.o
